// Jest Snapshot v1, https://goo.gl/fbAQLP

exports[`should render 1`] = `
<Suspense
  fallback={
    <p>
      error
    </p>
  }
>
  <Provider
    store={
      Object {
        "clearActions": [Function],
        "dispatch": [Function],
        "getActions": [Function],
        "getState": [Function],
        "replaceReducer": [Function],
        "subscribe": [Function],
      }
    }
  >
    <HashRouter>
      <Router
        history={
          Object {
            "action": "POP",
            "block": [Function],
            "createHref": [Function],
            "go": [Function],
            "goBack": [Function],
            "goForward": [Function],
            "length": 1,
            "listen": [Function],
            "location": Object {
              "hash": "",
              "pathname": "/",
              "search": "",
              "state": undefined,
            },
            "push": [Function],
            "replace": [Function],
          }
        }
      >
        <withRouter(Connect(ProjectTypeTile))
          description="description 1234"
          icon="home"
          id="1"
          name="Name 1234"
          onSelect={[Function]}
        >
          <Connect(ProjectTypeTile)
            description="description 1234"
            history={
              Object {
                "action": "POP",
                "block": [Function],
                "createHref": [Function],
                "go": [Function],
                "goBack": [Function],
                "goForward": [Function],
                "length": 1,
                "listen": [Function],
                "location": Object {
                  "hash": "",
                  "pathname": "/",
                  "search": "",
                  "state": undefined,
                },
                "push": [Function],
                "replace": [Function],
              }
            }
            icon="home"
            id="1"
            location={
              Object {
                "hash": "",
                "pathname": "/",
                "search": "",
                "state": undefined,
              }
            }
            match={
              Object {
                "isExact": true,
                "params": Object {},
                "path": "/",
                "url": "/",
              }
            }
            name="Name 1234"
            onSelect={[Function]}
          >
            <ProjectTypeTile
              description="description 1234"
              history={
                Object {
                  "action": "POP",
                  "block": [Function],
                  "createHref": [Function],
                  "go": [Function],
                  "goBack": [Function],
                  "goForward": [Function],
                  "length": 1,
                  "listen": [Function],
                  "location": Object {
                    "hash": "",
                    "pathname": "/",
                    "search": "",
                    "state": undefined,
                  },
                  "push": [Function],
                  "replace": [Function],
                }
              }
              icon="home"
              id="1"
              location={
                Object {
                  "hash": "",
                  "pathname": "/",
                  "search": "",
                  "state": undefined,
                }
              }
              match={
                Object {
                  "isExact": true,
                  "params": Object {},
                  "path": "/",
                  "url": "/",
                }
              }
              name="Name 1234"
              onSelect={[Function]}
            >
              <div
                id="project-type-tile"
                onClick={[Function]}
              >
                <div
                  className="icon"
                >
                  <ItemIcon
                    size="8x"
                    type="home"
                  >
                    <Blueprint3.Icon
                      icon={
                        <FontAwesomeIcon
                          border={false}
                          className=""
                          fixedWidth={false}
                          flip={null}
                          icon={
                            Object {
                              "icon": Array [
                                576,
                                512,
                                Array [],
                                "f015",
                                "M280.37 148.26L96 300.11V464a16 16 0 0 0 16 16l112.06-.29a16 16 0 0 0 15.92-16V368a16 16 0 0 1 16-16h64a16 16 0 0 1 16 16v95.64a16 16 0 0 0 16 16.05L464 480a16 16 0 0 0 16-16V300L295.67 148.26a12.19 12.19 0 0 0-15.3 0zM571.6 251.47L488 182.56V44.05a12 12 0 0 0-12-12h-56a12 12 0 0 0-12 12v72.61L318.47 43a48 48 0 0 0-61 0L4.34 251.47a12 12 0 0 0-1.6 16.9l25.5 31A12 12 0 0 0 45.15 301l235.22-193.74a12.19 12.19 0 0 1 15.3 0L530.9 301a12 12 0 0 0 16.9-1.6l25.5-31a12 12 0 0 0-1.7-16.93z",
                              ],
                              "iconName": "home",
                              "prefix": "fas",
                            }
                          }
                          inverse={false}
                          listItem={false}
                          mask={null}
                          pull={null}
                          pulse={false}
                          rotation={null}
                          size="8x"
                          spin={false}
                          swapOpacity={false}
                          symbol={false}
                          title=""
                          transform={null}
                        />
                      }
                    >
                      <FontAwesomeIcon
                        border={false}
                        className=""
                        fixedWidth={false}
                        flip={null}
                        icon={
                          Object {
                            "icon": Array [
                              576,
                              512,
                              Array [],
                              "f015",
                              "M280.37 148.26L96 300.11V464a16 16 0 0 0 16 16l112.06-.29a16 16 0 0 0 15.92-16V368a16 16 0 0 1 16-16h64a16 16 0 0 1 16 16v95.64a16 16 0 0 0 16 16.05L464 480a16 16 0 0 0 16-16V300L295.67 148.26a12.19 12.19 0 0 0-15.3 0zM571.6 251.47L488 182.56V44.05a12 12 0 0 0-12-12h-56a12 12 0 0 0-12 12v72.61L318.47 43a48 48 0 0 0-61 0L4.34 251.47a12 12 0 0 0-1.6 16.9l25.5 31A12 12 0 0 0 45.15 301l235.22-193.74a12.19 12.19 0 0 1 15.3 0L530.9 301a12 12 0 0 0 16.9-1.6l25.5-31a12 12 0 0 0-1.7-16.93z",
                            ],
                            "iconName": "home",
                            "prefix": "fas",
                          }
                        }
                        inverse={false}
                        listItem={false}
                        mask={null}
                        pull={null}
                        pulse={false}
                        rotation={null}
                        size="8x"
                        spin={false}
                        swapOpacity={false}
                        symbol={false}
                        title=""
                        transform={null}
                      >
                        <svg
                          aria-hidden="true"
                          className="svg-inline--fa fa-home fa-w-18 fa-8x "
                          data-icon="home"
                          data-prefix="fas"
                          focusable="false"
                          role="img"
                          style={Object {}}
                          viewBox="0 0 576 512"
                          xmlns="http://www.w3.org/2000/svg"
                        >
                          <path
                            d="M280.37 148.26L96 300.11V464a16 16 0 0 0 16 16l112.06-.29a16 16 0 0 0 15.92-16V368a16 16 0 0 1 16-16h64a16 16 0 0 1 16 16v95.64a16 16 0 0 0 16 16.05L464 480a16 16 0 0 0 16-16V300L295.67 148.26a12.19 12.19 0 0 0-15.3 0zM571.6 251.47L488 182.56V44.05a12 12 0 0 0-12-12h-56a12 12 0 0 0-12 12v72.61L318.47 43a48 48 0 0 0-61 0L4.34 251.47a12 12 0 0 0-1.6 16.9l25.5 31A12 12 0 0 0 45.15 301l235.22-193.74a12.19 12.19 0 0 1 15.3 0L530.9 301a12 12 0 0 0 16.9-1.6l25.5-31a12 12 0 0 0-1.7-16.93z"
                            fill="currentColor"
                            style={Object {}}
                          />
                        </svg>
                      </FontAwesomeIcon>
                    </Blueprint3.Icon>
                  </ItemIcon>
                </div>
                <h2>
                  Name 1234
                </h2>
                <p>
                  description 1234
                </p>
              </div>
            </ProjectTypeTile>
          </Connect(ProjectTypeTile)>
        </withRouter(Connect(ProjectTypeTile))>
      </Router>
    </HashRouter>
  </Provider>
</Suspense>
`;
