// Jest Snapshot v1, https://goo.gl/fbAQLP

exports[`LoggedInLayout - Body - Should render 1`] = `
<div
  className="bodySection"
  id="logged-in-body-section"
>
  <div
    id="hello-body"
    key="1"
  />
</div>
`;
