// Jest Snapshot v1, https://goo.gl/fbAQLP

exports[`Should render 1`] = `
<div
  className="col-12"
  id="footer-bar"
>
  <div
    className="footer-content row"
  >
    <div
      className="footer-text col"
    >
      <a
        href="https://buildingim.com"
        rel="noopener noreferrer"
        target="_blank"
      >
        Secured with Foundationsâ„¢
      </a>
    </div>
  </div>
</div>
`;
