// Jest Snapshot v1, https://goo.gl/fbAQLP

exports[`PopOverHandler - Should render 1`] = `
<Portal
  containerInfo={
    <div
      id="popOver"
    />
  }
>
  <div
    id="hello-dom"
    key="1"
  />
</Portal>
`;
