// Jest Snapshot v1, https://goo.gl/fbAQLP

exports[`should render with given state 1`] = `
Array [
  <div
    className="logo-container"
  >
    <a
      href="https://buildingim.com"
      rel="noopener noreferrer"
      target="_blank"
    >
      <img
        alt="BuildingIM logo"
        src="/images/logos/prind-tech-logo.webp"
      />
    </a>
  </div>,
  <div
    className="welcome-text-heading"
  >
    Welcome
  </div>,
  <div
    className="welcome-text-body"
  >
    Fill in the form below to sign up to the Foundations portal
  </div>,
  <form
    className="sign-up-form form"
    onSubmit={[Function]}
  >
    <input
      className="default"
      id="email"
      name="email"
      onChange={[Function]}
      placeholder="Email"
      type="text"
      value=""
    />
    <input
      className="default"
      id="password"
      name="password"
      onChange={[Function]}
      placeholder="Password"
      type="password"
      value=""
    />
    <input
      className="default"
      id="firstName"
      name="firstName"
      onChange={[Function]}
      placeholder="First Name"
      type="text"
      value=""
    />
    <input
      className="default"
      id="lastName"
      name="lastName"
      onChange={[Function]}
      placeholder="Surname"
      type="text"
      value=""
    />
    <input
      className="default"
      id="company"
      name="company"
      onChange={[Function]}
      placeholder="Company"
      type="text"
      value=""
    />
    <div
      className="spacer"
    />
    <input
      className="submit-button"
      id="signUpButton"
      onClick={[Function]}
      type="submit"
      value="Sign up"
    />
    <div
      className="spacer"
    />
    <p
      className="sign-up-in-text"
      onClick={[Function]}
    >
      Already have an account?  Click here to sign in
    </p>
  </form>,
]
`;
