// Jest Snapshot v1, https://goo.gl/fbAQLP

exports[`Should render 1`] = `
<Blueprint3.Callout
  icon="folder-new"
  intent="danger"
  title="Document Uploaded"
>
  You uploaded a document called test-file.txt to project test project on the March 31, 2021
</Blueprint3.Callout>
`;
