// Jest Snapshot v1, https://goo.gl/fbAQLP

exports[`Popover - Should render 1`] = `
<Popover
  handleClose={[MockFunction]}
>
  <PopOverPortal>
    <Portal
      containerInfo={
        <div
          id="popOver"
        >
          <div
            id="popover-greyer"
          >
            <div
              id="popover-container"
            >
              <div
                id="hello-dom"
              />
            </div>
          </div>
        </div>
      }
    >
      <div
        id="popover-greyer"
        onClick={[Function]}
      >
        <div
          id="popover-container"
          onClick={[Function]}
        >
          <div
            id="hello-dom"
            key="1"
          />
        </div>
      </div>
    </Portal>
  </PopOverPortal>
</Popover>
`;
