// Jest Snapshot v1, https://goo.gl/fbAQLP

exports[`New Project Page - Should render 1`] = `
<Hoc
  destroyOnUnmount={true}
  enableReinitialize={true}
  forceUnregisterOnUnmount={false}
  form="editproject"
  forwardedRef={null}
  getFormState={[Function]}
  keepDirtyOnReinitialize={false}
  location={
    Object {
      "pathname": "/newproject",
    }
  }
  persistentSubmitErrors={false}
  pure={true}
  shouldAsyncValidate={[Function]}
  shouldError={[Function]}
  shouldValidate={[Function]}
  shouldWarn={[Function]}
  submitAsSideEffect={false}
  touchOnBlur={true}
  touchOnChange={false}
  updateUnregisteredFields={false}
/>
`;
